// Jest Snapshot v1, https://goo.gl/fbAQLP

exports[`test Pending snapshot test 1`] = `
<div>
  <p
    class="pendingBlock"
  >
    Waiting for request
  </p>
</div>
`;
