// Jest Snapshot v1, https://goo.gl/fbAQLP

exports[`snapshot UserList 1`] = `
<div>
  <article
    class="listComponent"
  >
    <h2
      class="pageTitle"
    >
      GitHub User List
    </h2>
    <p
      class="pendingBlock"
    >
      Waiting for request 
    </p>
  </article>
</div>
`;
